Microsoft Windows [Version 10.0.22631.4602]
(c) Microsoft Corporation. All rights reserved.

C:\Users\sarde>mysql -u junior -p
Enter password: **********
ERROR 1045 (28000): Access denied for user 'junior'@'localhost' (using password: YES)

C:\Users\sarde>mysql -u junior -p
Enter password: **********
Welcome to the MySQL monitor.  Commands end with ; or \g.
Your MySQL connection id is 11
Server version: 8.0.40 MySQL Community Server - GPL

Copyright (c) 2000, 2024, Oracle and/or its affiliates.

Oracle is a registered trademark of Oracle Corporation and/or its
affiliates. Other names may be trademarks of their respective
owners.

Type 'help;' or '\h' for help. Type '\c' to clear the current input statement.

mysql> show datebases
    -> ;
ERROR 1064 (42000): You have an error in your SQL syntax; check the manual that corresponds to your MySQL server version for the right syntax to use near 'datebases' at line 1
mysql> show tables;
ERROR 1046 (3D000): No database selected
mysql> show datebases;
ERROR 1064 (42000): You have an error in your SQL syntax; check the manual that corresponds to your MySQL server version for the right syntax to use near 'datebases' at line 1
mysql> SHOW DATABASES;
+--------------------+
| Database           |
+--------------------+
| information_schema |
| khtuser            |
| performance_schema |
+--------------------+
3 rows in set (0.00 sec)

mysql> exit
Bye

C:\Users\sarde>mysql -u root -p
Enter password: ******
Welcome to the MySQL monitor.  Commands end with ; or \g.
Your MySQL connection id is 12
Server version: 8.0.40 MySQL Community Server - GPL

Copyright (c) 2000, 2024, Oracle and/or its affiliates.

Oracle is a registered trademark of Oracle Corporation and/or its
affiliates. Other names may be trademarks of their respective
owners.

Type 'help;' or '\h' for help. Type '\c' to clear the current input statement.

mysql> SHOW DATABASES;
+--------------------+
| Database           |
+--------------------+
| inflearn           |
| information_schema |
| khtcafe            |
| khtdb              |
| khtshopping        |
| khtuser            |
| khtworkbook        |
| mysql              |
| performance_schema |
| post               |
| sakila             |
| sys                |
+--------------------+
12 rows in set (0.00 sec)

mysql> USE information_schema;
Database changed
mysql> SHOW TABLES;
+---------------------------------------+
| Tables_in_information_schema          |
+---------------------------------------+
| ADMINISTRABLE_ROLE_AUTHORIZATIONS     |
| APPLICABLE_ROLES                      |
| CHARACTER_SETS                        |
| CHECK_CONSTRAINTS                     |
| COLLATION_CHARACTER_SET_APPLICABILITY |
| COLLATIONS                            |
| COLUMN_PRIVILEGES                     |
| COLUMN_STATISTICS                     |
| COLUMNS                               |
| COLUMNS_EXTENSIONS                    |
| ENABLED_ROLES                         |
| ENGINES                               |
| EVENTS                                |
| FILES                                 |
| INNODB_BUFFER_PAGE                    |
| INNODB_BUFFER_PAGE_LRU                |
| INNODB_BUFFER_POOL_STATS              |
| INNODB_CACHED_INDEXES                 |
| INNODB_CMP                            |
| INNODB_CMP_PER_INDEX                  |
| INNODB_CMP_PER_INDEX_RESET            |
| INNODB_CMP_RESET                      |
| INNODB_CMPMEM                         |
| INNODB_CMPMEM_RESET                   |
| INNODB_COLUMNS                        |
| INNODB_DATAFILES                      |
| INNODB_FIELDS                         |
| INNODB_FOREIGN                        |
| INNODB_FOREIGN_COLS                   |
| INNODB_FT_BEING_DELETED               |
| INNODB_FT_CONFIG                      |
| INNODB_FT_DEFAULT_STOPWORD            |
| INNODB_FT_DELETED                     |
| INNODB_FT_INDEX_CACHE                 |
| INNODB_FT_INDEX_TABLE                 |
| INNODB_INDEXES                        |
| INNODB_METRICS                        |
| INNODB_SESSION_TEMP_TABLESPACES       |
| INNODB_TABLES                         |
| INNODB_TABLESPACES                    |
| INNODB_TABLESPACES_BRIEF              |
| INNODB_TABLESTATS                     |
| INNODB_TEMP_TABLE_INFO                |
| INNODB_TRX                            |
| INNODB_VIRTUAL                        |
| KEY_COLUMN_USAGE                      |
| KEYWORDS                              |
| OPTIMIZER_TRACE                       |
| PARAMETERS                            |
| PARTITIONS                            |
| PLUGINS                               |
| PROCESSLIST                           |
| PROFILING                             |
| REFERENTIAL_CONSTRAINTS               |
| RESOURCE_GROUPS                       |
| ROLE_COLUMN_GRANTS                    |
| ROLE_ROUTINE_GRANTS                   |
| ROLE_TABLE_GRANTS                     |
| ROUTINES                              |
| SCHEMA_PRIVILEGES                     |
| SCHEMATA                              |
| SCHEMATA_EXTENSIONS                   |
| ST_GEOMETRY_COLUMNS                   |
| ST_SPATIAL_REFERENCE_SYSTEMS          |
| ST_UNITS_OF_MEASURE                   |
| STATISTICS                            |
| TABLE_CONSTRAINTS                     |
| TABLE_CONSTRAINTS_EXTENSIONS          |
| TABLE_PRIVILEGES                      |
| TABLES                                |
| TABLES_EXTENSIONS                     |
| TABLESPACES                           |
| TABLESPACES_EXTENSIONS                |
| TRIGGERS                              |
| USER_ATTRIBUTES                       |
| USER_PRIVILEGES                       |
| VIEW_ROUTINE_USAGE                    |
| VIEW_TABLE_USAGE                      |
| VIEWS                                 |
+---------------------------------------+
79 rows in set (0.00 sec)

mysql> SHOW DATABASES;
+--------------------+
| Database           |
+--------------------+
| inflearn           |
| information_schema |
| khtcafe            |
| khtdb              |
| khtshopping        |
| khtuser            |
| khtworkbook        |
| mysql              |
| performance_schema |
| post               |
| sakila             |
| sys                |
+--------------------+
12 rows in set (0.00 sec)

mysql> GRANT ALL PRIVILEGES ON khtcafe.* TO 'junior'@'%';
Query OK, 0 rows affected (0.01 sec)

mysql> GRANT ALL PRIVILEGES ON khtuser.* TO 'junior'@'%';
Query OK, 0 rows affected (0.01 sec)

mysql> flush privileges;
Query OK, 0 rows affected (0.01 sec)

mysql> exit
Bye

C:\Users\sarde>mysql -u junior -p
Enter password: **********
Welcome to the MySQL monitor.  Commands end with ; or \g.
Your MySQL connection id is 13
Server version: 8.0.40 MySQL Community Server - GPL

Copyright (c) 2000, 2024, Oracle and/or its affiliates.

Oracle is a registered trademark of Oracle Corporation and/or its
affiliates. Other names may be trademarks of their respective
owners.

Type 'help;' or '\h' for help. Type '\c' to clear the current input statement.

mysql> SHOW DATABASES;
+--------------------+
| Database           |
+--------------------+
| information_schema |
| khtcafe            |
| khtuser            |
| performance_schema |
+--------------------+
4 rows in set (0.00 sec)

mysql> SHOW TABLES;
ERROR 1046 (3D000): No database selected
mysql> USE khtcafe
Database changed
mysql> SHOW TABLES;
+-----------------------+
| Tables_in_khtcafe     |
+-----------------------+
| cafe_order            |
| cafe_order_item       |
| menu                  |
| snack                 |
| snack_order           |
| tables                |
| view_cancalled_orders |
| view_order_summary    |
| view_status_null      |
| view_total_sales      |
+-----------------------+
10 rows in set (0.00 sec)

mysql> SELECT *
    -> FROM cafe_order
    -> WHERE staus = '완료';
ERROR 1054 (42S22): Unknown column 'staus' in 'where clause'
mysql> SELECT *
    -> FROM cafe_order
    -> WHERE status = '완료';
+----------+----------+---------------------+--------------+--------+
| ORDER_ID | TABLE_ID | ORDER_DATE          | TOTAL_AMOUNT | status |
+----------+----------+---------------------+--------------+--------+
|        2 |        4 | 2024-12-16 10:38:35 |     13500.00 | 완료   |
|        4 |        3 | 2024-12-16 10:38:35 |     15000.00 | 완료   |
+----------+----------+---------------------+--------------+--------+
2 rows in set (0.01 sec)

mysql> exit
Bye

C:\Users\sarde>mysql -u root -p
Enter password: ******
Welcome to the MySQL monitor.  Commands end with ; or \g.
Your MySQL connection id is 14
Server version: 8.0.40 MySQL Community Server - GPL

Copyright (c) 2000, 2024, Oracle and/or its affiliates.

Oracle is a registered trademark of Oracle Corporation and/or its
affiliates. Other names may be trademarks of their respective
owners.

Type 'help;' or '\h' for help. Type '\c' to clear the current input statement.

mysql> REVOKE ALL PRIVILEGES ON KHTCAFE.* FROM 'junior'@'%';
Query OK, 0 rows affected (0.01 sec)

mysql> REVOKE ALL PRIVILEGES ON KHTUSER.* FROM 'junior'@'%';
Query OK, 0 rows affected (0.00 sec)

mysql> FLUSH PRIVILEGES;
Query OK, 0 rows affected (0.00 sec)